AR fifo_fft_interface behavioral /home/ise/Desktop/fft_virt6/fifo_fft_interface.vhd sub00/vhpl03 1740567258
AR mult mult_a /home/ise/Desktop/fft_virt6/ipcore_dir/mult.vhd sub00/vhpl07 1740567252
AR fifo fifo_a /home/ise/Desktop/fft_virt6/ipcore_dir/fifo.vhd sub00/vhpl01 1740567256
EN mult NULL /home/ise/Desktop/fft_virt6/ipcore_dir/mult.vhd sub00/vhpl06 1740567251
EN serial_comparator NULL /home/ise/Desktop/fft_virt5/comparator.vhd sub00/vhpl13 1740037868
AR serial_comparator behavioral /home/ise/Desktop/fft_virt5/comparator.vhd sub00/vhpl14 1740037869
AR sqrt sqrt_a /home/ise/Desktop/fft_virt6/ipcore_dir/sqrt.vhd sub00/vhpl09 1740567254
EN spectra NULL /home/ise/Desktop/fft_virt6/spectra.vhd sub00/vhpl04 1740567263
AR fifo_spi_interface behavioral /home/ise/Desktop/fft_virt5/fifo_spi_interface.vhd sub00/vhpl17 1740139018
AR spi_slave_fifo behavior /home/ise/Desktop/fft_virt5/fifo_spi_interface.vhd sub00/vhpl19 1740304161
EN complex_magnitude NULL /home/ise/Desktop/fft_virt6/complex_magnitude.vhd sub00/vhpl10 1740567259
EN fifo_spi_interface NULL /home/ise/Desktop/fft_virt5/fifo_spi_interface.vhd sub00/vhpl16 1740139017
EN fifo_fft_interface NULL /home/ise/Desktop/fft_virt6/fifo_fft_interface.vhd sub00/vhpl02 1740567257
EN sqrt NULL /home/ise/Desktop/fft_virt6/ipcore_dir/sqrt.vhd sub00/vhpl08 1740567253
AR complex_magnitude behavioral /home/ise/Desktop/fft_virt6/complex_magnitude.vhd sub00/vhpl11 1740567260
EN spi_slave_fifo NULL /home/ise/Desktop/fft_virt5/fifo_spi_interface.vhd sub00/vhpl18 1740304160
EN comparator NULL /home/ise/Desktop/fft_virt6/comparator.vhd sub00/vhpl12 1740567261
EN fifo NULL /home/ise/Desktop/fft_virt6/ipcore_dir/fifo.vhd sub00/vhpl00 1740567255
AR comparator behavioral /home/ise/Desktop/fft_virt6/comparator.vhd sub00/vhpl15 1740567262
AR spectra structural /home/ise/Desktop/fft_virt6/spectra.vhd sub00/vhpl05 1740567264
