Command line:
   tb_spi_master_isim_beh.exe
     -simmode  gui
     -simrunnum  0
     -socket  44019

Wed Mar  5 17:17:34 2025


 Elaboration Time: 0.04 sec

 Current Memory Usage: 198.722 Meg

 Total Signals          : 32
 Total Nets             : 73
 Total Signal Drivers   : 21
 Total Blocks           : 4
 Total Primitive Blocks : 3
 Total Processes        : 9
 Total Traceable Variables  : 17
 Total Scalar Nets and Variables : 560

** Failure:Test Complete
User(VHDL) Code Called Simulation Stop
In process tb_spi_master.vhd:Testing 
 


 Total Simulation Time: 0.07 sec

 Current Memory Usage: 276.32 Meg

Wed Mar  5 17:18:47 2025

