
****** PlanAhead v14.7 (64-bit)
  **** Build 321239 by xbuild on Fri Sep 27 19:24:36 MDT 2013
    ** Copyright 1986-1999, 2001-2013 Xilinx, Inc. All Rights Reserved.

INFO: [Common 17-78] Attempting to get a license: PlanAhead
INFO: [Common 17-290] Got license for PlanAhead
INFO: [Common 17-86] Your PlanAhead license expires in -2878 day(s)
INFO: [Device 21-36] Loading parts and site information from /opt/Xilinx/14.7/ISE_DS/PlanAhead/data/parts/arch.xml
Parsing RTL primitives file [/opt/Xilinx/14.7/ISE_DS/PlanAhead/data/parts/xilinx/rtl/prims/rtl_prims.xml]
Finished parsing RTL primitives file [/opt/Xilinx/14.7/ISE_DS/PlanAhead/data/parts/xilinx/rtl/prims/rtl_prims.xml]
start_gui
source /home/ise/Desktop/led_blinking/pa.fromHdl.tcl
# create_project -name led_blinking -dir "/home/ise/Desktop/led_blinking/planAhead_run_1" -part xc6vlx240tff1156-2
create_project: Time (s): cpu = 00:00:01 ; elapsed = 00:00:10 . Memory (MB): peak = 2644.281 ; gain = 20.141
# set_param project.pinAheadLayout yes
# set srcset [get_property srcset [current_run -impl]]
# set_property target_constrs_file "tutorial_led_blink.ucf" [current_fileset -constrset]
Adding file '/home/ise/Desktop/led_blinking/tutorial_led_blink.ucf' to fileset 'constrs_1'
# set hdlfile [add_files [list {led_blink.vhd}]]
# set_property file_type VHDL $hdlfile
# set_property library work $hdlfile
# set_property top tutorial_led_blink $srcset
# add_files [list {tutorial_led_blink.ucf}] -fileset [get_property constrset [current_run]]
# open_rtl_design -part xc6vlx240tff1156-2
Using Verific elaboration
Parsing VHDL file "/opt/Xilinx/14.7/ISE_DS/PlanAhead/data/parts/xilinx/rtl/lib/synplify/synattr.vhd" into library synplify
Parsing VHDL file "/opt/Xilinx/14.7/ISE_DS/PlanAhead/data/parts/xilinx/rtl/lib/synplify/synattr.vhd" into library synplify
Parsing VHDL file "/home/ise/Desktop/led_blinking/led_blink.vhd" into library work
Loading clock regions from /opt/Xilinx/14.7/ISE_DS/PlanAhead/data/parts/xilinx/virtex6/virtex6lxt/xc6vlx240t/ClockRegion.xml
Loading clock buffers from /opt/Xilinx/14.7/ISE_DS/PlanAhead/data/parts/xilinx/virtex6/virtex6lxt/xc6vlx240t/ClockBuffers.xml
Loading clock placement rules from /opt/Xilinx/14.7/ISE_DS/PlanAhead/data/parts/xilinx/virtex6/ClockPlacerRules.xml
Loading clock capable ios from /opt/Xilinx/14.7/ISE_DS/PlanAhead/data/parts/xilinx/virtex6/ClockCapableIOBs.xml
Loading package pin functions from /opt/Xilinx/14.7/ISE_DS/PlanAhead/data/parts/xilinx/virtex6/PinFunctions.xml...
Loading package from /opt/Xilinx/14.7/ISE_DS/PlanAhead/data/parts/xilinx/virtex6/virtex6lxt/xc6vlx240t/ff1156/Package.xml
Loading io standards from /opt/Xilinx/14.7/ISE_DS/PlanAhead/data/./parts/xilinx/virtex6/IOStandards.xml
Loading device configuration modes from /opt/Xilinx/14.7/ISE_DS/PlanAhead/data/parts/xilinx/virtex6/ConfigModes.xml
Loading list of drcs for the architecture : /opt/Xilinx/14.7/ISE_DS/PlanAhead/data/./parts/xilinx/virtex6/drc.xml
Parsing UCF File [/home/ise/Desktop/led_blinking/tutorial_led_blink.ucf]
Finished Parsing UCF File [/home/ise/Desktop/led_blinking/tutorial_led_blink.ucf]
INFO: [Project 1-111] Unisim Transformation Summary:
No Unisim elements were transformed.

Phase 0 | Netlist Checksum: 768c8800
open_rtl_design: Time (s): cpu = 00:00:11 ; elapsed = 00:02:14 . Memory (MB): peak = 2922.918 ; gain = 272.629
update_compile_order -fileset sim_1
exit
ERROR: [Common 17-39] 'stop_gui' failed due to earlier errors.
INFO: [Common 17-206] Exiting PlanAhead at Mon Mar 17 18:02:56 2025...
INFO: [Common 17-83] Releasing license: PlanAhead
