--------------------------------------------------------------------------------
Release 14.7 Trace  (lin64)
Copyright (c) 1995-2013 Xilinx, Inc.  All rights reserved.

/opt/Xilinx/14.7/ISE_DS/ISE/bin/lin64/unwrapped/trce -intstyle ise -v 3 -s 2 -n
3 -fastpaths -xml tutorial_led_blink.twx tutorial_led_blink.ncd -o
tutorial_led_blink.twr tutorial_led_blink.pcf -ucf tutorial_led_blink.ucf

Design file:              tutorial_led_blink.ncd
Physical constraint file: tutorial_led_blink.pcf
Device,package,speed:     xc6vlx240t,ff1156,C,-2 (PRODUCTION 1.17 2013-10-13, STEPPING level 0)
Report level:             verbose report

Environment Variable      Effect 
--------------------      ------ 
NONE                      No environment variables were set
--------------------------------------------------------------------------------

INFO:Timing:3412 - To improve timing, see the Timing Closure User Guide (UG612).
INFO:Timing:2752 - To get complete path coverage, use the unconstrained paths 
   option. All paths that are not constrained will be reported in the 
   unconstrained paths section(s) of the report.
INFO:Timing:3339 - The clock-to-out numbers in this timing report are based on 
   a 50 Ohm transmission line loading model.  For the details of this model, 
   and for more information on accounting for different loading conditions, 
   please see the device datasheet.

================================================================================
Timing constraint: TS_i_clk_p = PERIOD TIMEGRP "i_clk_p" 5 ns HIGH 50%;
For more information, see Period Analysis in the Timing Closure User Guide (UG612).

 2801 paths analyzed, 294 endpoints analyzed, 0 failing endpoints
 0 timing errors detected. (0 setup errors, 0 hold errors, 0 component switching limit errors)
 Minimum period is   2.698ns.
--------------------------------------------------------------------------------

Paths for end point r_CNT_1HZ_13 (SLICE_X71Y128.C2), 27 paths
--------------------------------------------------------------------------------
Slack (setup path):     2.302ns (requirement - (data path - clock path skew + uncertainty))
  Source:               r_CNT_1HZ_17 (FF)
  Destination:          r_CNT_1HZ_13 (FF)
  Requirement:          5.000ns
  Data Path Delay:      2.611ns (Levels of Logic = 3)
  Clock Path Skew:      -0.052ns (0.966 - 1.018)
  Source Clock:         clk rising at 0.000ns
  Destination Clock:    clk rising at 5.000ns
  Clock Uncertainty:    0.035ns

  Clock Uncertainty:          0.035ns  ((TSJ^2 + TIJ^2)^1/2 + DJ) / 2 + PE
    Total System Jitter (TSJ):  0.070ns
    Total Input Jitter (TIJ):   0.000ns
    Discrete Jitter (DJ):       0.000ns
    Phase Error (PE):           0.000ns

  Maximum Data Path at Slow Process Corner: r_CNT_1HZ_17 to r_CNT_1HZ_13
    Location             Delay type         Delay(ns)  Physical Resource
                                                       Logical Resource(s)
    -------------------------------------------------  -------------------
    SLICE_X68Y131.CQ     Tcko                  0.322   r_CNT_1HZ<18>
                                                       r_CNT_1HZ_17
    SLICE_X66Y128.A1     net (fanout=2)        0.727   r_CNT_1HZ<17>
    SLICE_X66Y128.A      Tilo                  0.061   PWR_5_o_r_CNT_10HZ[23]_equal_9_o<23>
                                                       PWR_5_o_r_CNT_1HZ[26]_equal_13_o<26>1
    SLICE_X67Y131.B1     net (fanout=1)        0.626   PWR_5_o_r_CNT_1HZ[26]_equal_13_o<26>
    SLICE_X67Y131.B      Tilo                  0.061   r_TOGGLE_50HZ
                                                       PWR_5_o_r_CNT_1HZ[26]_equal_13_o<26>7
    SLICE_X71Y128.C2     net (fanout=21)       0.754   PWR_5_o_r_CNT_1HZ[26]_equal_13_o
    SLICE_X71Y128.CLK    Tas                   0.060   r_CNT_1HZ<14>
                                                       r_CNT_1HZ_13_rstpot
                                                       r_CNT_1HZ_13
    -------------------------------------------------  ---------------------------
    Total                                      2.611ns (0.504ns logic, 2.107ns route)
                                                       (19.3% logic, 80.7% route)

--------------------------------------------------------------------------------
Slack (setup path):     2.558ns (requirement - (data path - clock path skew + uncertainty))
  Source:               r_CNT_1HZ_14 (FF)
  Destination:          r_CNT_1HZ_13 (FF)
  Requirement:          5.000ns
  Data Path Delay:      2.407ns (Levels of Logic = 3)
  Clock Path Skew:      0.000ns
  Source Clock:         clk rising at 0.000ns
  Destination Clock:    clk rising at 5.000ns
  Clock Uncertainty:    0.035ns

  Clock Uncertainty:          0.035ns  ((TSJ^2 + TIJ^2)^1/2 + DJ) / 2 + PE
    Total System Jitter (TSJ):  0.070ns
    Total Input Jitter (TIJ):   0.000ns
    Discrete Jitter (DJ):       0.000ns
    Phase Error (PE):           0.000ns

  Maximum Data Path at Slow Process Corner: r_CNT_1HZ_14 to r_CNT_1HZ_13
    Location             Delay type         Delay(ns)  Physical Resource
                                                       Logical Resource(s)
    -------------------------------------------------  -------------------
    SLICE_X71Y128.DQ     Tcko                  0.283   r_CNT_1HZ<14>
                                                       r_CNT_1HZ_14
    SLICE_X71Y129.A2     net (fanout=2)        0.727   r_CNT_1HZ<14>
    SLICE_X71Y129.A      Tilo                  0.061   PWR_5_o_r_CNT_50HZ[20]_equal_5_o<20>2
                                                       PWR_5_o_r_CNT_1HZ[26]_equal_13_o<26>3
    SLICE_X67Y131.B4     net (fanout=1)        0.461   PWR_5_o_r_CNT_1HZ[26]_equal_13_o<26>2
    SLICE_X67Y131.B      Tilo                  0.061   r_TOGGLE_50HZ
                                                       PWR_5_o_r_CNT_1HZ[26]_equal_13_o<26>7
    SLICE_X71Y128.C2     net (fanout=21)       0.754   PWR_5_o_r_CNT_1HZ[26]_equal_13_o
    SLICE_X71Y128.CLK    Tas                   0.060   r_CNT_1HZ<14>
                                                       r_CNT_1HZ_13_rstpot
                                                       r_CNT_1HZ_13
    -------------------------------------------------  ---------------------------
    Total                                      2.407ns (0.465ns logic, 1.942ns route)
                                                       (19.3% logic, 80.7% route)

--------------------------------------------------------------------------------
Slack (setup path):     2.595ns (requirement - (data path - clock path skew + uncertainty))
  Source:               r_CNT_1HZ_20 (FF)
  Destination:          r_CNT_1HZ_13 (FF)
  Requirement:          5.000ns
  Data Path Delay:      2.322ns (Levels of Logic = 3)
  Clock Path Skew:      -0.048ns (0.966 - 1.014)
  Source Clock:         clk rising at 0.000ns
  Destination Clock:    clk rising at 5.000ns
  Clock Uncertainty:    0.035ns

  Clock Uncertainty:          0.035ns  ((TSJ^2 + TIJ^2)^1/2 + DJ) / 2 + PE
    Total System Jitter (TSJ):  0.070ns
    Total Input Jitter (TIJ):   0.000ns
    Discrete Jitter (DJ):       0.000ns
    Phase Error (PE):           0.000ns

  Maximum Data Path at Slow Process Corner: r_CNT_1HZ_20 to r_CNT_1HZ_13
    Location             Delay type         Delay(ns)  Physical Resource
                                                       Logical Resource(s)
    -------------------------------------------------  -------------------
    SLICE_X68Y133.BQ     Tcko                  0.322   r_CNT_1HZ<22>
                                                       r_CNT_1HZ_20
    SLICE_X69Y133.B2     net (fanout=2)        0.557   r_CNT_1HZ<20>
    SLICE_X69Y133.B      Tilo                  0.061   N10
                                                       PWR_5_o_r_CNT_1HZ[26]_equal_13_o<26>7_SW0
    SLICE_X67Y131.B3     net (fanout=1)        0.507   N10
    SLICE_X67Y131.B      Tilo                  0.061   r_TOGGLE_50HZ
                                                       PWR_5_o_r_CNT_1HZ[26]_equal_13_o<26>7
    SLICE_X71Y128.C2     net (fanout=21)       0.754   PWR_5_o_r_CNT_1HZ[26]_equal_13_o
    SLICE_X71Y128.CLK    Tas                   0.060   r_CNT_1HZ<14>
                                                       r_CNT_1HZ_13_rstpot
                                                       r_CNT_1HZ_13
    -------------------------------------------------  ---------------------------
    Total                                      2.322ns (0.504ns logic, 1.818ns route)
                                                       (21.7% logic, 78.3% route)

--------------------------------------------------------------------------------

Paths for end point r_CNT_1HZ_9 (SLICE_X67Y128.C2), 27 paths
--------------------------------------------------------------------------------
Slack (setup path):     2.404ns (requirement - (data path - clock path skew + uncertainty))
  Source:               r_CNT_1HZ_17 (FF)
  Destination:          r_CNT_1HZ_9 (FF)
  Requirement:          5.000ns
  Data Path Delay:      2.508ns (Levels of Logic = 3)
  Clock Path Skew:      -0.053ns (0.965 - 1.018)
  Source Clock:         clk rising at 0.000ns
  Destination Clock:    clk rising at 5.000ns
  Clock Uncertainty:    0.035ns

  Clock Uncertainty:          0.035ns  ((TSJ^2 + TIJ^2)^1/2 + DJ) / 2 + PE
    Total System Jitter (TSJ):  0.070ns
    Total Input Jitter (TIJ):   0.000ns
    Discrete Jitter (DJ):       0.000ns
    Phase Error (PE):           0.000ns

  Maximum Data Path at Slow Process Corner: r_CNT_1HZ_17 to r_CNT_1HZ_9
    Location             Delay type         Delay(ns)  Physical Resource
                                                       Logical Resource(s)
    -------------------------------------------------  -------------------
    SLICE_X68Y131.CQ     Tcko                  0.322   r_CNT_1HZ<18>
                                                       r_CNT_1HZ_17
    SLICE_X66Y128.A1     net (fanout=2)        0.727   r_CNT_1HZ<17>
    SLICE_X66Y128.A      Tilo                  0.061   PWR_5_o_r_CNT_10HZ[23]_equal_9_o<23>
                                                       PWR_5_o_r_CNT_1HZ[26]_equal_13_o<26>1
    SLICE_X67Y131.B1     net (fanout=1)        0.626   PWR_5_o_r_CNT_1HZ[26]_equal_13_o<26>
    SLICE_X67Y131.B      Tilo                  0.061   r_TOGGLE_50HZ
                                                       PWR_5_o_r_CNT_1HZ[26]_equal_13_o<26>7
    SLICE_X67Y128.C2     net (fanout=21)       0.651   PWR_5_o_r_CNT_1HZ[26]_equal_13_o
    SLICE_X67Y128.CLK    Tas                   0.060   r_CNT_1HZ<10>
                                                       r_CNT_1HZ_9_rstpot
                                                       r_CNT_1HZ_9
    -------------------------------------------------  ---------------------------
    Total                                      2.508ns (0.504ns logic, 2.004ns route)
                                                       (20.1% logic, 79.9% route)

--------------------------------------------------------------------------------
Slack (setup path):     2.604ns (requirement - (data path - clock path skew + uncertainty))
  Source:               r_CNT_1HZ_14 (FF)
  Destination:          r_CNT_1HZ_9 (FF)
  Requirement:          5.000ns
  Data Path Delay:      2.304ns (Levels of Logic = 3)
  Clock Path Skew:      -0.057ns (0.965 - 1.022)
  Source Clock:         clk rising at 0.000ns
  Destination Clock:    clk rising at 5.000ns
  Clock Uncertainty:    0.035ns

  Clock Uncertainty:          0.035ns  ((TSJ^2 + TIJ^2)^1/2 + DJ) / 2 + PE
    Total System Jitter (TSJ):  0.070ns
    Total Input Jitter (TIJ):   0.000ns
    Discrete Jitter (DJ):       0.000ns
    Phase Error (PE):           0.000ns

  Maximum Data Path at Slow Process Corner: r_CNT_1HZ_14 to r_CNT_1HZ_9
    Location             Delay type         Delay(ns)  Physical Resource
                                                       Logical Resource(s)
    -------------------------------------------------  -------------------
    SLICE_X71Y128.DQ     Tcko                  0.283   r_CNT_1HZ<14>
                                                       r_CNT_1HZ_14
    SLICE_X71Y129.A2     net (fanout=2)        0.727   r_CNT_1HZ<14>
    SLICE_X71Y129.A      Tilo                  0.061   PWR_5_o_r_CNT_50HZ[20]_equal_5_o<20>2
                                                       PWR_5_o_r_CNT_1HZ[26]_equal_13_o<26>3
    SLICE_X67Y131.B4     net (fanout=1)        0.461   PWR_5_o_r_CNT_1HZ[26]_equal_13_o<26>2
    SLICE_X67Y131.B      Tilo                  0.061   r_TOGGLE_50HZ
                                                       PWR_5_o_r_CNT_1HZ[26]_equal_13_o<26>7
    SLICE_X67Y128.C2     net (fanout=21)       0.651   PWR_5_o_r_CNT_1HZ[26]_equal_13_o
    SLICE_X67Y128.CLK    Tas                   0.060   r_CNT_1HZ<10>
                                                       r_CNT_1HZ_9_rstpot
                                                       r_CNT_1HZ_9
    -------------------------------------------------  ---------------------------
    Total                                      2.304ns (0.465ns logic, 1.839ns route)
                                                       (20.2% logic, 79.8% route)

--------------------------------------------------------------------------------
Slack (setup path):     2.694ns (requirement - (data path - clock path skew + uncertainty))
  Source:               r_CNT_1HZ_12 (FF)
  Destination:          r_CNT_1HZ_9 (FF)
  Requirement:          5.000ns
  Data Path Delay:      2.214ns (Levels of Logic = 3)
  Clock Path Skew:      -0.057ns (0.965 - 1.022)
  Source Clock:         clk rising at 0.000ns
  Destination Clock:    clk rising at 5.000ns
  Clock Uncertainty:    0.035ns

  Clock Uncertainty:          0.035ns  ((TSJ^2 + TIJ^2)^1/2 + DJ) / 2 + PE
    Total System Jitter (TSJ):  0.070ns
    Total Input Jitter (TIJ):   0.000ns
    Discrete Jitter (DJ):       0.000ns
    Phase Error (PE):           0.000ns

  Maximum Data Path at Slow Process Corner: r_CNT_1HZ_12 to r_CNT_1HZ_9
    Location             Delay type         Delay(ns)  Physical Resource
                                                       Logical Resource(s)
    -------------------------------------------------  -------------------
    SLICE_X71Y128.BQ     Tcko                  0.283   r_CNT_1HZ<14>
                                                       r_CNT_1HZ_12
    SLICE_X66Y128.A4     net (fanout=2)        0.472   r_CNT_1HZ<12>
    SLICE_X66Y128.A      Tilo                  0.061   PWR_5_o_r_CNT_10HZ[23]_equal_9_o<23>
                                                       PWR_5_o_r_CNT_1HZ[26]_equal_13_o<26>1
    SLICE_X67Y131.B1     net (fanout=1)        0.626   PWR_5_o_r_CNT_1HZ[26]_equal_13_o<26>
    SLICE_X67Y131.B      Tilo                  0.061   r_TOGGLE_50HZ
                                                       PWR_5_o_r_CNT_1HZ[26]_equal_13_o<26>7
    SLICE_X67Y128.C2     net (fanout=21)       0.651   PWR_5_o_r_CNT_1HZ[26]_equal_13_o
    SLICE_X67Y128.CLK    Tas                   0.060   r_CNT_1HZ<10>
                                                       r_CNT_1HZ_9_rstpot
                                                       r_CNT_1HZ_9
    -------------------------------------------------  ---------------------------
    Total                                      2.214ns (0.465ns logic, 1.749ns route)
                                                       (21.0% logic, 79.0% route)

--------------------------------------------------------------------------------

Paths for end point r_CNT_50HZ_16 (SLICE_X67Y130.D2), 17 paths
--------------------------------------------------------------------------------
Slack (setup path):     2.418ns (requirement - (data path - clock path skew + uncertainty))
  Source:               r_CNT_100HZ_1 (FF)
  Destination:          r_CNT_50HZ_16 (FF)
  Requirement:          5.000ns
  Data Path Delay:      2.485ns (Levels of Logic = 6)
  Clock Path Skew:      -0.062ns (0.963 - 1.025)
  Source Clock:         clk rising at 0.000ns
  Destination Clock:    clk rising at 5.000ns
  Clock Uncertainty:    0.035ns

  Clock Uncertainty:          0.035ns  ((TSJ^2 + TIJ^2)^1/2 + DJ) / 2 + PE
    Total System Jitter (TSJ):  0.070ns
    Total Input Jitter (TIJ):   0.000ns
    Discrete Jitter (DJ):       0.000ns
    Phase Error (PE):           0.000ns

  Maximum Data Path at Slow Process Corner: r_CNT_100HZ_1 to r_CNT_50HZ_16
    Location             Delay type         Delay(ns)  Physical Resource
                                                       Logical Resource(s)
    -------------------------------------------------  -------------------
    SLICE_X70Y123.BQ     Tcko                  0.283   r_CNT_100HZ<3>
                                                       r_CNT_100HZ_1
    SLICE_X70Y127.B1     net (fanout=7)        0.759   r_CNT_100HZ<1>
    SLICE_X70Y127.COUT   Topcyb                0.352   Mcount_r_CNT_50HZ_cy<3>
                                                       r_CNT_100HZ<1>_rt.2
                                                       Mcount_r_CNT_50HZ_cy<3>
    SLICE_X70Y128.CIN    net (fanout=1)        0.000   Mcount_r_CNT_50HZ_cy<3>
    SLICE_X70Y128.COUT   Tbyp                  0.068   Mcount_r_CNT_50HZ_cy<7>
                                                       Mcount_r_CNT_50HZ_cy<7>
    SLICE_X70Y129.CIN    net (fanout=1)        0.000   Mcount_r_CNT_50HZ_cy<7>
    SLICE_X70Y129.COUT   Tbyp                  0.068   Mcount_r_CNT_50HZ_cy<11>
                                                       Mcount_r_CNT_50HZ_cy<11>
    SLICE_X70Y130.CIN    net (fanout=1)        0.000   Mcount_r_CNT_50HZ_cy<11>
    SLICE_X70Y130.COUT   Tbyp                  0.068   Mcount_r_CNT_50HZ_cy<15>
                                                       Mcount_r_CNT_50HZ_cy<15>
    SLICE_X70Y131.CIN    net (fanout=1)        0.000   Mcount_r_CNT_50HZ_cy<15>
    SLICE_X70Y131.AMUX   Tcina                 0.186   Mcount_r_CNT_50HZ_cy<19>
                                                       Mcount_r_CNT_50HZ_cy<19>
    SLICE_X67Y130.D2     net (fanout=1)        0.644   Result<16>1
    SLICE_X67Y130.CLK    Tas                   0.057   r_CNT_50HZ<16>
                                                       r_CNT_50HZ_16_rstpot
                                                       r_CNT_50HZ_16
    -------------------------------------------------  ---------------------------
    Total                                      2.485ns (1.082ns logic, 1.403ns route)
                                                       (43.5% logic, 56.5% route)

--------------------------------------------------------------------------------
Slack (setup path):     2.490ns (requirement - (data path - clock path skew + uncertainty))
  Source:               r_CNT_100HZ_5 (FF)
  Destination:          r_CNT_50HZ_16 (FF)
  Requirement:          5.000ns
  Data Path Delay:      2.414ns (Levels of Logic = 5)
  Clock Path Skew:      -0.061ns (0.963 - 1.024)
  Source Clock:         clk rising at 0.000ns
  Destination Clock:    clk rising at 5.000ns
  Clock Uncertainty:    0.035ns

  Clock Uncertainty:          0.035ns  ((TSJ^2 + TIJ^2)^1/2 + DJ) / 2 + PE
    Total System Jitter (TSJ):  0.070ns
    Total Input Jitter (TIJ):   0.000ns
    Discrete Jitter (DJ):       0.000ns
    Phase Error (PE):           0.000ns

  Maximum Data Path at Slow Process Corner: r_CNT_100HZ_5 to r_CNT_50HZ_16
    Location             Delay type         Delay(ns)  Physical Resource
                                                       Logical Resource(s)
    -------------------------------------------------  -------------------
    SLICE_X70Y124.BQ     Tcko                  0.283   r_CNT_100HZ<7>
                                                       r_CNT_100HZ_5
    SLICE_X70Y128.B1     net (fanout=7)        0.756   r_CNT_100HZ<5>
    SLICE_X70Y128.COUT   Topcyb                0.352   Mcount_r_CNT_50HZ_cy<7>
                                                       r_CNT_100HZ<5>_rt.2
                                                       Mcount_r_CNT_50HZ_cy<7>
    SLICE_X70Y129.CIN    net (fanout=1)        0.000   Mcount_r_CNT_50HZ_cy<7>
    SLICE_X70Y129.COUT   Tbyp                  0.068   Mcount_r_CNT_50HZ_cy<11>
                                                       Mcount_r_CNT_50HZ_cy<11>
    SLICE_X70Y130.CIN    net (fanout=1)        0.000   Mcount_r_CNT_50HZ_cy<11>
    SLICE_X70Y130.COUT   Tbyp                  0.068   Mcount_r_CNT_50HZ_cy<15>
                                                       Mcount_r_CNT_50HZ_cy<15>
    SLICE_X70Y131.CIN    net (fanout=1)        0.000   Mcount_r_CNT_50HZ_cy<15>
    SLICE_X70Y131.AMUX   Tcina                 0.186   Mcount_r_CNT_50HZ_cy<19>
                                                       Mcount_r_CNT_50HZ_cy<19>
    SLICE_X67Y130.D2     net (fanout=1)        0.644   Result<16>1
    SLICE_X67Y130.CLK    Tas                   0.057   r_CNT_50HZ<16>
                                                       r_CNT_50HZ_16_rstpot
                                                       r_CNT_50HZ_16
    -------------------------------------------------  ---------------------------
    Total                                      2.414ns (1.014ns logic, 1.400ns route)
                                                       (42.0% logic, 58.0% route)

--------------------------------------------------------------------------------
Slack (setup path):     2.667ns (requirement - (data path - clock path skew + uncertainty))
  Source:               r_CNT_100HZ_4 (FF)
  Destination:          r_CNT_50HZ_16 (FF)
  Requirement:          5.000ns
  Data Path Delay:      2.237ns (Levels of Logic = 5)
  Clock Path Skew:      -0.061ns (0.963 - 1.024)
  Source Clock:         clk rising at 0.000ns
  Destination Clock:    clk rising at 5.000ns
  Clock Uncertainty:    0.035ns

  Clock Uncertainty:          0.035ns  ((TSJ^2 + TIJ^2)^1/2 + DJ) / 2 + PE
    Total System Jitter (TSJ):  0.070ns
    Total Input Jitter (TIJ):   0.000ns
    Discrete Jitter (DJ):       0.000ns
    Phase Error (PE):           0.000ns

  Maximum Data Path at Slow Process Corner: r_CNT_100HZ_4 to r_CNT_50HZ_16
    Location             Delay type         Delay(ns)  Physical Resource
                                                       Logical Resource(s)
    -------------------------------------------------  -------------------
    SLICE_X70Y124.AQ     Tcko                  0.283   r_CNT_100HZ<7>
                                                       r_CNT_100HZ_4
    SLICE_X70Y128.A4     net (fanout=7)        0.575   r_CNT_100HZ<4>
    SLICE_X70Y128.COUT   Topcya                0.356   Mcount_r_CNT_50HZ_cy<7>
                                                       r_CNT_100HZ<4>_rt.2
                                                       Mcount_r_CNT_50HZ_cy<7>
    SLICE_X70Y129.CIN    net (fanout=1)        0.000   Mcount_r_CNT_50HZ_cy<7>
    SLICE_X70Y129.COUT   Tbyp                  0.068   Mcount_r_CNT_50HZ_cy<11>
                                                       Mcount_r_CNT_50HZ_cy<11>
    SLICE_X70Y130.CIN    net (fanout=1)        0.000   Mcount_r_CNT_50HZ_cy<11>
    SLICE_X70Y130.COUT   Tbyp                  0.068   Mcount_r_CNT_50HZ_cy<15>
                                                       Mcount_r_CNT_50HZ_cy<15>
    SLICE_X70Y131.CIN    net (fanout=1)        0.000   Mcount_r_CNT_50HZ_cy<15>
    SLICE_X70Y131.AMUX   Tcina                 0.186   Mcount_r_CNT_50HZ_cy<19>
                                                       Mcount_r_CNT_50HZ_cy<19>
    SLICE_X67Y130.D2     net (fanout=1)        0.644   Result<16>1
    SLICE_X67Y130.CLK    Tas                   0.057   r_CNT_50HZ<16>
                                                       r_CNT_50HZ_16_rstpot
                                                       r_CNT_50HZ_16
    -------------------------------------------------  ---------------------------
    Total                                      2.237ns (1.018ns logic, 1.219ns route)
                                                       (45.5% logic, 54.5% route)

--------------------------------------------------------------------------------

Hold Paths: TS_i_clk_p = PERIOD TIMEGRP "i_clk_p" 5 ns HIGH 50%;
--------------------------------------------------------------------------------

Paths for end point r_TOGGLE_1HZ (SLICE_X67Y131.A5), 1 path
--------------------------------------------------------------------------------
Slack (hold path):      0.108ns (requirement - (clock path skew + uncertainty - data path))
  Source:               r_TOGGLE_1HZ (FF)
  Destination:          r_TOGGLE_1HZ (FF)
  Requirement:          0.000ns
  Data Path Delay:      0.108ns (Levels of Logic = 1)
  Clock Path Skew:      0.000ns
  Source Clock:         clk rising at 5.000ns
  Destination Clock:    clk rising at 5.000ns
  Clock Uncertainty:    0.000ns

  Minimum Data Path at Fast Process Corner: r_TOGGLE_1HZ to r_TOGGLE_1HZ
    Location             Delay type         Delay(ns)  Physical Resource
                                                       Logical Resource(s)
    -------------------------------------------------  -------------------
    SLICE_X67Y131.AQ     Tcko                  0.098   r_TOGGLE_50HZ
                                                       r_TOGGLE_1HZ
    SLICE_X67Y131.A5     net (fanout=2)        0.065   r_TOGGLE_1HZ
    SLICE_X67Y131.CLK    Tah         (-Th)     0.055   r_TOGGLE_50HZ
                                                       r_TOGGLE_1HZ_rstpot
                                                       r_TOGGLE_1HZ
    -------------------------------------------------  ---------------------------
    Total                                      0.108ns (0.043ns logic, 0.065ns route)
                                                       (39.8% logic, 60.2% route)

--------------------------------------------------------------------------------

Paths for end point r_TOGGLE_100HZ (SLICE_X67Y126.A5), 1 path
--------------------------------------------------------------------------------
Slack (hold path):      0.109ns (requirement - (clock path skew + uncertainty - data path))
  Source:               r_TOGGLE_100HZ (FF)
  Destination:          r_TOGGLE_100HZ (FF)
  Requirement:          0.000ns
  Data Path Delay:      0.109ns (Levels of Logic = 1)
  Clock Path Skew:      0.000ns
  Source Clock:         clk rising at 5.000ns
  Destination Clock:    clk rising at 5.000ns
  Clock Uncertainty:    0.000ns

  Minimum Data Path at Fast Process Corner: r_TOGGLE_100HZ to r_TOGGLE_100HZ
    Location             Delay type         Delay(ns)  Physical Resource
                                                       Logical Resource(s)
    -------------------------------------------------  -------------------
    SLICE_X67Y126.AQ     Tcko                  0.098   r_TOGGLE_100HZ
                                                       r_TOGGLE_100HZ
    SLICE_X67Y126.A5     net (fanout=2)        0.066   r_TOGGLE_100HZ
    SLICE_X67Y126.CLK    Tah         (-Th)     0.055   r_TOGGLE_100HZ
                                                       r_TOGGLE_100HZ_rstpot
                                                       r_TOGGLE_100HZ
    -------------------------------------------------  ---------------------------
    Total                                      0.109ns (0.043ns logic, 0.066ns route)
                                                       (39.4% logic, 60.6% route)

--------------------------------------------------------------------------------

Paths for end point r_TOGGLE_50HZ (SLICE_X67Y131.D4), 1 path
--------------------------------------------------------------------------------
Slack (hold path):      0.135ns (requirement - (clock path skew + uncertainty - data path))
  Source:               r_TOGGLE_50HZ (FF)
  Destination:          r_TOGGLE_50HZ (FF)
  Requirement:          0.000ns
  Data Path Delay:      0.135ns (Levels of Logic = 1)
  Clock Path Skew:      0.000ns
  Source Clock:         clk rising at 5.000ns
  Destination Clock:    clk rising at 5.000ns
  Clock Uncertainty:    0.000ns

  Minimum Data Path at Fast Process Corner: r_TOGGLE_50HZ to r_TOGGLE_50HZ
    Location             Delay type         Delay(ns)  Physical Resource
                                                       Logical Resource(s)
    -------------------------------------------------  -------------------
    SLICE_X67Y131.DQ     Tcko                  0.098   r_TOGGLE_50HZ
                                                       r_TOGGLE_50HZ
    SLICE_X67Y131.D4     net (fanout=2)        0.094   r_TOGGLE_50HZ
    SLICE_X67Y131.CLK    Tah         (-Th)     0.057   r_TOGGLE_50HZ
                                                       r_TOGGLE_50HZ_rstpot
                                                       r_TOGGLE_50HZ
    -------------------------------------------------  ---------------------------
    Total                                      0.135ns (0.041ns logic, 0.094ns route)
                                                       (30.4% logic, 69.6% route)

--------------------------------------------------------------------------------

Component Switching Limit Checks: TS_i_clk_p = PERIOD TIMEGRP "i_clk_p" 5 ns HIGH 50%;
--------------------------------------------------------------------------------
Slack: 3.667ns (period - min period limit)
  Period: 5.000ns
  Min period limit: 1.333ns (750.188MHz) (Tbcper_I)
  Physical resource: BUFG_inst/I0
  Logical resource: BUFG_inst/I0
  Location pin: BUFGCTRL_X0Y0.I0
  Clock network: clk_ibufg
--------------------------------------------------------------------------------
Slack: 4.272ns (period - (min low pulse limit / (low pulse / period)))
  Period: 5.000ns
  Low pulse: 2.500ns
  Low pulse limit: 0.364ns (Tcl)
  Physical resource: r_CNT_10HZ<9>/CLK
  Logical resource: r_CNT_10HZ_7/CK
  Location pin: SLICE_X66Y126.CLK
  Clock network: clk
--------------------------------------------------------------------------------
Slack: 4.272ns (period - (min high pulse limit / (high pulse / period)))
  Period: 5.000ns
  High pulse: 2.500ns
  High pulse limit: 0.364ns (Tch)
  Physical resource: r_CNT_10HZ<9>/CLK
  Logical resource: r_CNT_10HZ_7/CK
  Location pin: SLICE_X66Y126.CLK
  Clock network: clk
--------------------------------------------------------------------------------


All constraints were met.


Data Sheet report:
-----------------
All values displayed in nanoseconds (ns)

Clock to Setup on destination clock i_clk_n
---------------+---------+---------+---------+---------+
               | Src:Rise| Src:Fall| Src:Rise| Src:Fall|
Source Clock   |Dest:Rise|Dest:Rise|Dest:Fall|Dest:Fall|
---------------+---------+---------+---------+---------+
i_clk_n        |    2.698|         |         |         |
i_clk_p        |    2.698|         |         |         |
---------------+---------+---------+---------+---------+

Clock to Setup on destination clock i_clk_p
---------------+---------+---------+---------+---------+
               | Src:Rise| Src:Fall| Src:Rise| Src:Fall|
Source Clock   |Dest:Rise|Dest:Rise|Dest:Fall|Dest:Fall|
---------------+---------+---------+---------+---------+
i_clk_n        |    2.698|         |         |         |
i_clk_p        |    2.698|         |         |         |
---------------+---------+---------+---------+---------+


Timing summary:
---------------

Timing errors: 0  Score: 0  (Setup/Max: 0, Hold: 0)

Constraints cover 2801 paths, 0 nets, and 523 connections

Design statistics:
   Minimum period:   2.698ns{1}   (Maximum frequency: 370.645MHz)


------------------------------------Footnotes-----------------------------------
1)  The minimum period statistic assumes all single cycle delays.

Analysis completed Mon Mar 17 18:37:37 2025 
--------------------------------------------------------------------------------

Trace Settings:
-------------------------
Trace Settings 

Peak Memory Usage: 810 MB



