Running: /opt/Xilinx/14.7/ISE_DS/ISE/bin/lin64/unwrapped/fuse -intstyle ise -incremental -lib secureip -o /home/ise/Desktop/fft_direct/tb_spi_isim_beh.exe -prj /home/ise/Desktop/fft_direct/tb_spi_beh.prj work.tb_spi 
ISim P.20131013 (signature 0xfbc00daa)
Number of CPUs detected in this system: 1
Turning on mult-threading, number of parallel sub-compilation jobs: 0 
Determining compilation order of HDL files
Parsing VHDL file "/home/ise/Desktop/fft_direct/spi_v2.vhd" into library work
Parsing VHDL file "/home/ise/Desktop/fft_direct/spi_master.vhd" into library work
Parsing VHDL file "/home/ise/Desktop/fft_direct/tb_spi.vhd" into library work
Starting static elaboration
Completed static elaboration
Fuse Memory Usage: 97020 KB
Fuse CPU Usage: 980 ms
Compiling package standard
Compiling package std_logic_1164
Compiling package numeric_std
Compiling architecture behavioral of entity spi_slave [\spi_slave(3)\]
Compiling architecture rtl of entity spi_master [\spi_master(3,2)\]
Compiling architecture behavior of entity tb_spi
Time Resolution for simulation is 1ps.
Compiled 8 VHDL Units
Built simulation executable /home/ise/Desktop/fft_direct/tb_spi_isim_beh.exe
Fuse Memory Usage: 111704 KB
Fuse CPU Usage: 1020 ms
GCC CPU Usage: 130 ms
