Release 14.7 - xst P.20131013 (lin64)
Copyright (c) 1995-2013 Xilinx, Inc.  All rights reserved.
--> 
Parameter TMPDIR set to xst/projnav.tmp


Total REAL time to Xst completion: 0.00 secs
Total CPU time to Xst completion: 0.00 secs
 
--> 
Parameter xsthdpdir set to xst


Total REAL time to Xst completion: 0.00 secs
Total CPU time to Xst completion: 0.00 secs
 
--> 
Reading design: spectra.prj

TABLE OF CONTENTS
  1) Synthesis Options Summary
  2) HDL Parsing
  3) HDL Elaboration
  4) HDL Synthesis
       4.1) HDL Synthesis Report
  5) Advanced HDL Synthesis
       5.1) Advanced HDL Synthesis Report
  6) Low Level Synthesis
  7) Partition Report
  8) Design Summary
       8.1) Primitive and Black Box Usage
       8.2) Device utilization summary
       8.3) Partition Resource Summary
       8.4) Timing Report
            8.4.1) Clock Information
            8.4.2) Asynchronous Control Signals Information
            8.4.3) Timing Summary
            8.4.4) Timing Details
            8.4.5) Cross Clock Domains Report


=========================================================================
*                      Synthesis Options Summary                        *
=========================================================================
---- Source Parameters
Input File Name                    : "spectra.prj"
Ignore Synthesis Constraint File   : NO

---- Target Parameters
Output File Name                   : "spectra"
Output Format                      : NGC
Target Device                      : xc6vlx240t-2-ff1156

---- Source Options
Top Module Name                    : spectra
Automatic FSM Extraction           : YES
FSM Encoding Algorithm             : Auto
Safe Implementation                : No
FSM Style                          : LUT
RAM Extraction                     : Yes
RAM Style                          : Auto
ROM Extraction                     : Yes
Shift Register Extraction          : YES
ROM Style                          : Auto
Resource Sharing                   : YES
Asynchronous To Synchronous        : NO
Shift Register Minimum Size        : 2
Use DSP Block                      : Auto
Automatic Register Balancing       : No

---- Target Options
LUT Combining                      : Auto
Reduce Control Sets                : Auto
Add IO Buffers                     : YES
Global Maximum Fanout              : 100000
Add Generic Clock Buffer(BUFG)     : 32
Register Duplication               : YES
Optimize Instantiated Primitives   : NO
Use Clock Enable                   : Auto
Use Synchronous Set                : Auto
Use Synchronous Reset              : Auto
Pack IO Registers into IOBs        : Auto
Equivalent register Removal        : YES

---- General Options
Optimization Goal                  : Speed
Optimization Effort                : 1
Power Reduction                    : NO
Keep Hierarchy                     : No
Netlist Hierarchy                  : As_Optimized
RTL Output                         : Yes
Global Optimization                : AllClockNets
Read Cores                         : YES
Write Timing Constraints           : NO
Cross Clock Analysis               : NO
Hierarchy Separator                : /
Bus Delimiter                      : <>
Case Specifier                     : Maintain
Slice Utilization Ratio            : 100
BRAM Utilization Ratio             : 100
DSP48 Utilization Ratio            : 100
Auto BRAM Packing                  : NO
Slice Utilization Ratio Delta      : 5

---- Other Options
Cores Search Directories           : {"ipcore_dir"  }

=========================================================================


=========================================================================
*                          HDL Parsing                                  *
=========================================================================
Parsing VHDL file "/home/ise/Desktop/fft_direct/ipcore_dir/fifo.vhd" into library work
Parsing entity <fifo>.
Parsing architecture <fifo_a> of entity <fifo>.
Parsing VHDL file "/home/ise/Desktop/fft_direct/ipcore_dir/mult.vhd" into library work
Parsing entity <mult>.
Parsing architecture <mult_a> of entity <mult>.
Parsing VHDL file "/home/ise/Desktop/fft_direct/ipcore_dir/sqrt.vhd" into library work
Parsing entity <sqrt>.
Parsing architecture <sqrt_a> of entity <sqrt>.
Parsing VHDL file "/home/ise/Desktop/fft_direct/ipcore_dir/comm_fifo.vhd" into library work
Parsing entity <comm_fifo>.
Parsing architecture <comm_fifo_a> of entity <comm_fifo>.
Parsing VHDL file "/home/ise/Desktop/fft_direct/spi_v2.vhd" into library work
Parsing entity <spi_slave>.
Parsing architecture <Behavioral> of entity <spi_slave>.
Parsing VHDL file "/home/ise/Desktop/fft_direct/ipcore_dir/fft.vhd" into library work
Parsing VHDL file "/home/ise/Desktop/fft_direct/fifo_spi_interface.vhd" into library work
Parsing entity <fifo_spi_interface>.
Parsing architecture <Behavioral> of entity <fifo_spi_interface>.
Parsing VHDL file "/home/ise/Desktop/fft_direct/fifo_fft_interface.vhd" into library work
Parsing entity <fifo_fft_interface>.
Parsing architecture <Behavioral> of entity <fifo_fft_interface>.
Parsing VHDL file "/home/ise/Desktop/fft_direct/complex_magnitude.vhd" into library work
Parsing entity <complex_magnitude>.
Parsing architecture <Behavioral> of entity <complex_magnitude>.
Parsing VHDL file "/home/ise/Desktop/fft_direct/comparator.vhd" into library work
Parsing entity <comparator>.
Parsing architecture <Behavioral> of entity <comparator>.
Parsing VHDL file "/home/ise/Desktop/fft_direct/spectra.vhd" into library work
Parsing entity <spectra>.
Parsing architecture <Structural> of entity <spectra>.

=========================================================================
*                            HDL Elaboration                            *
=========================================================================

Elaborating entity <spectra> (architecture <Structural>) from library <work>.

Elaborating entity <fifo> (architecture <fifo_a>) from library <work>.

Elaborating entity <fifo_fft_interface> (architecture <Behavioral>) from library <work>.
WARNING:HDLCompiler:89 - "/home/ise/Desktop/fft_direct/spectra.vhd" Line 39: <fft> remains a black-box since it has no binding entity.

Elaborating entity <complex_magnitude> (architecture <Behavioral>) from library <work>.

Elaborating entity <mult> (architecture <mult_a>) from library <work>.

Elaborating entity <sqrt> (architecture <sqrt_a>) from library <work>.

Elaborating entity <comparator> (architecture <Behavioral>) from library <work>.

Elaborating entity <comm_fifo> (architecture <comm_fifo_a>) from library <work>.

Elaborating entity <fifo_spi_interface> (architecture <Behavioral>) from library <work>.
ERROR:HDLCompiler:1156 - "/home/ise/Desktop/fft_direct/spectra.vhd" Line 137: Formal port <sclk> does not exist in entity <spi_slave>.  Please compare the definition of block <spi_slave> to its component declaration and its instantion to detect the mismatch.
INFO:HDLCompiler:1408 - "/home/ise/Desktop/fft_direct/spi_v2.vhd" Line 6. spi_slave is declared here
ERROR:HDLCompiler:1156 - "/home/ise/Desktop/fft_direct/spectra.vhd" Line 138: Formal port <ss> does not exist in entity <spi_slave>.  Please compare the definition of block <spi_slave> to its component declaration and its instantion to detect the mismatch.
INFO:HDLCompiler:1408 - "/home/ise/Desktop/fft_direct/spi_v2.vhd" Line 6. spi_slave is declared here
ERROR:HDLCompiler:1156 - "/home/ise/Desktop/fft_direct/spectra.vhd" Line 139: Formal port <mosi> does not exist in entity <spi_slave>.  Please compare the definition of block <spi_slave> to its component declaration and its instantion to detect the mismatch.
INFO:HDLCompiler:1408 - "/home/ise/Desktop/fft_direct/spi_v2.vhd" Line 6. spi_slave is declared here
ERROR:HDLCompiler:1156 - "/home/ise/Desktop/fft_direct/spectra.vhd" Line 140: Formal port <tx_data> does not exist in entity <spi_slave>.  Please compare the definition of block <spi_slave> to its component declaration and its instantion to detect the mismatch.
INFO:HDLCompiler:1408 - "/home/ise/Desktop/fft_direct/spi_v2.vhd" Line 6. spi_slave is declared here
ERROR:HDLCompiler:1156 - "/home/ise/Desktop/fft_direct/spectra.vhd" Line 141: Formal port <tx_valid> does not exist in entity <spi_slave>.  Please compare the definition of block <spi_slave> to its component declaration and its instantion to detect the mismatch.
INFO:HDLCompiler:1408 - "/home/ise/Desktop/fft_direct/spi_v2.vhd" Line 6. spi_slave is declared here
ERROR:HDLCompiler:1156 - "/home/ise/Desktop/fft_direct/spectra.vhd" Line 142: Formal port <miso> does not exist in entity <spi_slave>.  Please compare the definition of block <spi_slave> to its component declaration and its instantion to detect the mismatch.
INFO:HDLCompiler:1408 - "/home/ise/Desktop/fft_direct/spi_v2.vhd" Line 6. spi_slave is declared here
ERROR:HDLCompiler:1156 - "/home/ise/Desktop/fft_direct/spectra.vhd" Line 143: Formal port <rx_data> does not exist in entity <spi_slave>.  Please compare the definition of block <spi_slave> to its component declaration and its instantion to detect the mismatch.
INFO:HDLCompiler:1408 - "/home/ise/Desktop/fft_direct/spi_v2.vhd" Line 6. spi_slave is declared here
ERROR:HDLCompiler:1156 - "/home/ise/Desktop/fft_direct/spectra.vhd" Line 144: Formal port <rx_valid> does not exist in entity <spi_slave>.  Please compare the definition of block <spi_slave> to its component declaration and its instantion to detect the mismatch.
INFO:HDLCompiler:1408 - "/home/ise/Desktop/fft_direct/spi_v2.vhd" Line 6. spi_slave is declared here
ERROR:HDLCompiler:1156 - "/home/ise/Desktop/fft_direct/spectra.vhd" Line 145: Formal port <trdy> does not exist in entity <spi_slave>.  Please compare the definition of block <spi_slave> to its component declaration and its instantion to detect the mismatch.
INFO:HDLCompiler:1408 - "/home/ise/Desktop/fft_direct/spi_v2.vhd" Line 6. spi_slave is declared here

Elaborating entity <spi_slave> (architecture <Behavioral>) with generics from library <work>.
Execution of entity spi_slave failed
Netlist spectra(Structural) remains a blackbox, due to errors in its contents
--> 


Total memory usage is 434060 kilobytes

Number of errors   :    9 (   0 filtered)
Number of warnings :    1 (   0 filtered)
Number of infos    :    0 (   0 filtered)

